
Source guest information (--print-source option):

    source name: BZ1308535_21disks
hypervisor type: vmware
       VM genid: 
         memory: 2147483648 (bytes)
       nr vCPUs: 1
     CPU vendor: 
      CPU model: 
   CPU topology: 
   CPU features: 
       firmware: bios
        display: 
          sound: 
disks:
	0 [scsi]
	1 [scsi]
	2 [scsi]
	3 [scsi]
	4 [scsi]
	5 [scsi]
	6 [scsi]
	7 [scsi]
	8 [scsi]
	9 [scsi]
	10 [scsi]
	11 [scsi]
	12 [scsi]
	13 [scsi]
	14 [scsi]
	15 [scsi]
	16 [scsi]
	17 [scsi]
	18 [scsi]
	19 [scsi]
	20 [scsi]
removable media:
	CD-ROM [ide] in slot 2
NICs:
	Network "VM Network" mac: 00:0c:29:36:ef:31 [vmxnet3]

